<html>
<body>
<pre>
<h1>µVision Build Log</h1>
<h2>Tool Versions:</h2>
IDE-Version: µVision V5.29.0.0
Copyright (C) 2019 ARM Ltd and ARM Germany GmbH. All rights reserved.
License Information: Simone Sinagra, Politecnico di Torino, LIC=----
 
Tool Versions:
Toolchain:       MDK-Lite  Version: 5.29.0.0
Toolchain Path:  C:\Keil_v5\ARM\ARMCC\Bin
C Compiler:      Armcc.exe V5.06 update 6 (build 750)
Assembler:       Armasm.exe V5.06 update 6 (build 750)
Linker/Locator:  ArmLink.exe V5.06 update 6 (build 750)
Library Manager: ArmAr.exe V5.06 update 6 (build 750)
Hex Converter:   FromElf.exe V5.06 update 6 (build 750)
CPU DLL:         SARMCM3.DLL V5.29.0.0
Dialog DLL:      DARMP1.DLL V1.27.0.0
Target DLL:      UL2CM3.DLL V1.163.0.0
Dialog DLL:      TARMP1.DLL V1.26.0.0
 
<h2>Project:</h2>
C:\Users\Simone\Desktop\Architetture dei sistemi di elaborazione\ARM\Laboratori\extrapoint_01\extra01_arch\sample.uvproj
Project File Date:  12/20/2019

<h2>Output:</h2>
*** Using Compiler 'V5.06 update 6 (build 750)', folder: 'C:\Keil_v5\ARM\ARMCC\Bin'
Build target 'Target 1'
compiling funct_led.c...
led\funct_led.c(69): warning:  #68-D: integer conversion resulted in a change of sign
  	if(target == -1) // elevator has arrived
led\funct_led.c: 1 warning, 0 errors
compiling funct_button.c...
compiling funct_joystick.c...
joystick\funct_joystick.c(35): warning:  #68-D: integer conversion resulted in a change of sign
  			LED_blink(-1); // reset counter (static)
joystick\funct_joystick.c(50): warning:  #68-D: integer conversion resulted in a change of sign
  			LED_blink(-1); // reset counter (static)
joystick\funct_joystick.c: 2 warnings, 0 errors
compiling IRQ_RIT.c...
RIT\IRQ_RIT.c(61): warning:  #68-D: integer conversion resulted in a change of sign
  			LED_blink(-1); // reset counter (static)
RIT\IRQ_RIT.c: 1 warning, 0 errors
linking...
Program Size: Code=2348 RO-data=268 RW-data=48 ZI-data=608  
".\sample.axf" - 0 Error(s), 4 Warning(s).
Build Time Elapsed:  00:00:00
</pre>
</body>
</html>
